┌ P0-Cluster: ─────────────────────────────────────────────────────────────────────────────────────────────────────────┐
│ 0 -          0.0% ━━━━━━━━━━━━━━━━━━━━━━━━━━━━━━━━━━━━━━━━━━━freq:          0 MHz       0% ━━━━━━━━━━━━━━━━━━━━━━━━━━│
│ 1 -          0.0% ━━━━━━━━━━━━━━━━━━━━━━━━━━━━━━━━━━━━━━━━━━━freq:          0 MHz       0% ━━━━━━━━━━━━━━━━━━━━━━━━━━│
│ 2 -          0.0% ━━━━━━━━━━━━━━━━━━━━━━━━━━━━━━━━━━━━━━━━━━━freq:          0 MHz       0% ━━━━━━━━━━━━━━━━━━━━━━━━━━│
│ 3 -          0.0% ━━━━━━━━━━━━━━━━━━━━━━━━━━━━━━━━━━━━━━━━━━━freq:          0 MHz       0% ━━━━━━━━━━━━━━━━━━━━━━━━━━│
│ 4 -          0.0% ━━━━━━━━━━━━━━━━━━━━━━━━━━━━━━━━━━━━━━━━━━━freq:          0 MHz       0% ━━━━━━━━━━━━━━━━━━━━━━━━━━│
│ 5 -          0.0% ━━━━━━━━━━━━━━━━━━━━━━━━━━━━━━━━━━━━━━━━━━━freq:          0 MHz       0% ━━━━━━━━━━━━━━━━━━━━━━━━━━│
└──────────────────────────────────────────────────────────────────────────────────────────────────────────────────────┘
┌ P1-Cluster: ─────────────────────────────────────────────────────────────────────────────────────────────────────────┐
│ 6 - ▁▁▁▁▁▁▁▁ 15.4% ━━━━━━━━━━━━━━━━━━━━━━━━━━━━━━━━━━━━━━━━━━freq:          1447 MHz    3% ━━━━━━━━━━━━━━━━━━━━━━━━━━│
│ 7 - ▁▁▁▁▁▁▁▁ 7.8% ━━━━━━━━━━━━━━━━━━━━━━━━━━━━━━━━━━━━━━━━━━━freq:          1404 MHz    2% ━━━━━━━━━━━━━━━━━━━━━━━━━━│
│ 8 - ▁▁▁▁▁▁▁▁ 7.8% ━━━━━━━━━━━━━━━━━━━━━━━━━━━━━━━━━━━━━━━━━━━freq:          1426 MHz    3% ━━━━━━━━━━━━━━━━━━━━━━━━━━│
│ 9 -          2.9% ━━━━━━━━━━━━━━━━━━━━━━━━━━━━━━━━━━━━━━━━━━━freq:          1486 MHz    5% ━━━━━━━━━━━━━━━━━━━━━━━━━━│
│10 -          1.9% ━━━━━━━━━━━━━━━━━━━━━━━━━━━━━━━━━━━━━━━━━━━freq:          1514 MHz    6% ━━━━━━━━━━━━━━━━━━━━━━━━━━│
│11 -          0.0% ━━━━━━━━━━━━━━━━━━━━━━━━━━━━━━━━━━━━━━━━━━━freq:          1500 MHz    5% ━━━━━━━━━━━━━━━━━━━━━━━━━━│
└──────────────────────────────────────────────────────────────────────────────────────────────────────────────────────┘
┌ S-Cluster: ──────────────────────────────────────────────────────────────────────────────────────────────────────────┐
│12 -          1.9% ━━━━━━━━━━━━━━━━━━━━━━━━━━━━━━━━━━━━━━━━━━━freq: ▂▂▂▂▂▂▂▂ 2138 MHz   25% ━━━━━━━━━━━━━━━━━━━━━━━━━━│
│13 -          1.9% ━━━━━━━━━━━━━━━━━━━━━━━━━━━━━━━━━━━━━━━━━━━freq: ▂▂▂▂▂▂▂▂ 2271 MHz   29% ━━━━━━━━━━━━━━━━━━━━━━━━━━│
│14 -          0.0% ━━━━━━━━━━━━━━━━━━━━━━━━━━━━━━━━━━━━━━━━━━━freq: ▂▂▂▂▂▂▂▂ 2165 MHz   26% ━━━━━━━━━━━━━━━━━━━━━━━━━━│
│15 -          0.0% ━━━━━━━━━━━━━━━━━━━━━━━━━━━━━━━━━━━━━━━━━━━freq:          0 MHz       0% ━━━━━━━━━━━━━━━━━━━━━━━━━━│
│16 -          0.0% ━━━━━━━━━━━━━━━━━━━━━━━━━━━━━━━━━━━━━━━━━━━freq:          0 MHz       0% ━━━━━━━━━━━━━━━━━━━━━━━━━━│
│17 -          0.0% ━━━━━━━━━━━━━━━━━━━━━━━━━━━━━━━━━━━━━━━━━━━freq:          0 MHz       0% ━━━━━━━━━━━━━━━━━━━━━━━━━━│
└──────────────────────────────────────────────────────────────────────────────────────────────────────────────────────┘
┌Frequencies───────────────────────────────────────────────────────────────────────────────────────────────────────────┐
│P-Cluster: 1344 1644 1992 2304 2652 2964 3240 3504 3696 3876 4044 4176 4284 4308 4380                                 │
│S-Cluster: 1308 1620 1980 2292 2580 2880 3180 3432 3648 3828 3984 4104 4188 4236 4284 4308 4332 4428 4512 4608        │
│                                                                                                                      │
│Note:      Hardware-wise, CPUs quickly shift between the above frequencies.                                           │
│                                                                                                                      │
└──────────────────────────────────────────────────────────────────────────────────────────────────────────────────────┘
