┌GPU: ─────────────────────────────────────────────────────────────────────────────────────────────────────────────────┐
│         1.1% ━━━━━━━━━━━━━━━━━━━━━━━━━━━━━━━━━━━━━━━━━━━━━freq:          338 MHz     0% ━━━━━━━━━━━━━━━━━━━━━━━━━━━━━│
│         9.73 mW                                           Peak: 10.9 % | 121.64 mW                                   │
└──────────────────────────────────────────────────────────────────────────────────────────────────────────────────────┘
┌ Thermals ────────────────────────────────────────────────────────────────────────────────────────────────────────────┐
│Pressure: Nominal                                                                                                     │
└──────────────────────────────────────────────────────────────────────────────────────────────────────────────────────┘
┌Frequencies───────────────────────────────────────────────────────────────────────────────────────────────────────────┐
│GPU:        338  486  636  796  888  988 1084 1182 1278 1374 1470 1578 1620                                           │
│                                                                                                                      │
│Note:      Hardware-wise, GPUs quickly shift between the above frequencies.                                           │
│                                                                                                                      │
│                                                                                                                      │
└──────────────────────────────────────────────────────────────────────────────────────────────────────────────────────┘
