┌ CPU Clusters: 178.98 mW (peak: 2.94 W) ──────────────────────────────────────────────────────────────────────────────────────────────────────────────────────┐
│P0-Cluster: 0.0 % @ 0 MHz (peak: 0.0 %)                                         P1-Cluster: 6.6 % @ 1437 MHz (peak: 9.8 %)                                    │
│                                      0%                                        █████                                 7%                                      │
│                                             ▁▁▁▁▁▂▂▂▂▂▃▃▃▃▃▃▄▄▄▄▄▅▅▅▅▅▅▆▆▆▆▇▇                                               ▁▁▁▁▁▂▂▂▂▂▃▃▃▃▃▃▄▄▄▄▄▅▅▅▅▅▅▆▆▆▆▇▇│
│    ▁▁▁▁▂▂▂▂▂▃▃▃▃▃▃▄▄▄▄▄▅▅▅▅▅▅▆▆▆▆▆▇▇▇▇███████████████████████████████████████      ▁▁▁▁▂▂▂▂▂▃▃▃▃▃▃▄▄▄▄▄▅▅▅▅▅▅▆▆▆▆▆▇▇▇▇███████████████████████████████████████│
│██████████████████████████████████████████████████████████████████████████████  ██████████████████████████████████████████████████████████████████████████████│
│                                                                                                                                                              │
│S-Cluster: 0.6 % @ 1991 MHz (peak: 10.8 %)                                                                                                                    │
│█                                                                             1%                                                                              │
│                                                                                       ▁▁▁▁▁▂▂▂▂▂▃▃▃▃▃▃▄▄▄▄▄▅▅▅▅▅▅▆▆▆▆▇▇                                      │
│                                              ▁▁▁▁▂▂▂▂▂▃▃▃▃▃▃▄▄▄▄▄▅▅▅▅▅▅▆▆▆▆▆▇▇▇▇███████████████████████████████████████                                      │
│    ▁▁▁▁▁▂▂▂▂▂▃▃▃▃▃▃▄▄▄▄▅▅▅▅▅▅▆▆▆▆▆▇▇▇▇▇████████████████████████████████████████████████████████████████████████████████                                      │
└──────────────────────────────────────────────────────────────────────────────────────────────────────────────────────────────────────────────────────────────┘
┌ GPU & ANE ───────────────────────────────────────────────────────────────────────────────────────────────────────────────────────────────────────────────────┐
│GPU: 5.8 % @ 338 MHz | 72.95 mW (peak: 10.2 % | 121.64 mW)                      ANE: 0.0 % | 0.00 W (peak: 0.0 % | 0.00 W)                                    │
│█████                                 6%                                                                              0%                                      │
│                                             ▁▁▁▁▁▂▂▂▂▂▃▃▃▃▃▃▄▄▄▄▄▅▅▅▅▅▅▆▆▆▆▇▇                                               ▁▁▁▁▁▂▂▂▂▂▃▃▃▃▃▃▄▄▄▄▄▅▅▅▅▅▅▆▆▆▆▇▇│
│    ▁▁▁▁▂▂▂▂▂▃▃▃▃▃▃▄▄▄▄▄▅▅▅▅▅▅▆▆▆▆▆▇▇▇▇███████████████████████████████████████      ▁▁▁▁▂▂▂▂▂▃▃▃▃▃▃▄▄▄▄▄▅▅▅▅▅▅▆▆▆▆▆▇▇▇▇███████████████████████████████████████│
│██████████████████████████████████████████████████████████████████████████████  ██████████████████████████████████████████████████████████████████████████████│
└──────────────────────────────────────────────────────────────────────────────────────────────────────────────────────────────────────────────────────────────┘
┌ Package ─────────────────────────────────────────────────────────────────────────────────────────────────────┐┌ Thermals ────────────────────────────────────┐
│CPU+GPU+ANE: 251.93 mW (peak: 2.97 W)                                                                         ││Pressure: Nominal                             │
│                                                                         ▁▁▁▁▂▂▂▂▂▂▃▃▃▃▄▄▄▄▄▅▅▅▅▅▆▆▆▆▆▇▇▇▇▇███││                                              │
│                                 ▁▁▁▁▁▂▂▂▂▂▃▃▃▃▃▄▄▄▄▄▅▅▅▅▅▆▆▆▆▆▇▇▇▇███████████████████████████████████████████││                                              │
│▂▂▂▃▃▃▃▃▄▄▄▄▄▅▅▅▅▅▆▆▆▆▆▇▇▇▇▇██████████████████████████████████████████████████████████████████████████████████││                                              │
└──────────────────────────────────────────────────────────────────────────────────────────────────────────────┘└──────────────────────────────────────────────┘
┌ Memory & SWAP ───────────────────────────────────────────────────────────────────────────────────────────────────────────────────────────────────────────────┐
│Memory Used: 41.4 % = 53.0 GiB / 128.0 GiB (peak: 41.5 % = 53.1 GiB)            SWAP: 0.0 % = 0.0 B / 0.0 B (peak: 0.0 B)                                     │
│████████████████████████████████     41%                                                                              0%                                      │
│                                             ▁▁▁▁▁▂▂▂▂▂▃▃▃▃▃▃▄▄▄▄▄▅▅▅▅▅▅▆▆▆▆▇▇                                               ▁▁▁▁▁▂▂▂▂▂▃▃▃▃▃▃▄▄▄▄▄▅▅▅▅▅▅▆▆▆▆▇▇│
│    ▁▁▁▁▂▂▂▂▂▃▃▃▃▃▃▄▄▄▄▄▅▅▅▅▅▅▆▆▆▆▆▇▇▇▇███████████████████████████████████████      ▁▁▁▁▂▂▂▂▂▃▃▃▃▃▃▄▄▄▄▄▅▅▅▅▅▅▆▆▆▆▆▇▇▇▇███████████████████████████████████████│
│██████████████████████████████████████████████████████████████████████████████  ██████████████████████████████████████████████████████████████████████████████│
└──────────────────────────────────────────────────────────────────────────────────────────────────────────────────────────────────────────────────────────────┘
