┌ P1-Cluster: 6.6 % @ 1437 MHz (peak: 9.8 %) ────────────────┐
│████                                                        │
│████                         7%                             │
│                                          ▁▁▂▂▃▃▃▄▄▅▅▅▆▆▇▇██│
│                      ▁▁▂▂▃▃▃▄▄▅▅▅▆▆▇▇▇█████████████████████│
│  ▁▁▂▂▂▃▃▄▄▄▅▅▅▆▆▇▇█████████████████████████████████████████│
└────────────────────────────────────────────────────────────┘
