┌──────────────────────────────────────────────────────────────────────────────────────────────────────────────────────┐
│ Overview │ CPU │ GPU │ Memory │ SoC                                                                                  │
└──────────────────────────────────────────────────────────────────────────────────────────────────────────────────────┘
